../Core/Src/main.c:122:5:main	8	static
../Core/Src/main.c:257:6:SystemClock_Config	72	static
../Core/Src/main.c:294:6:HAL_UART_RxCpltCallback	16	static
../Core/Src/main.c:399:6:Calibrate	48	static
../Core/Src/main.c:582:6:HAL_TIM_PWM_PulseFinishedCallback	16	static
../Core/Src/main.c:660:6:HAL_TIM_PeriodElapsedCallback	16	static
../Core/Src/main.c:666:6:Delay_ms	16	static
../Core/Src/main.c:674:6:First_Pick	16	static
../Core/Src/main.c:982:6:Second_Pick	16	static
../Core/Src/main.c:1059:6:Move_Motor	24	static
../Core/Src/main.c:1113:6:Error_Handler	4	static
